Analysis & Synthesis report for MDT90P01
Sat May 12 15:37:58 2018
Quartus II 64-Bit Version 13.0.1 Build 232 06/12/2013 Service Pack 1 SJ Web Edition


---------------------
; Table of Contents ;
---------------------
  1. Legal Notice
  2. Analysis & Synthesis Summary
  3. Analysis & Synthesis Settings
  4. Parallel Compilation
  5. Analysis & Synthesis Source Files Read
  6. Analysis & Synthesis Resource Usage Summary
  7. Analysis & Synthesis Resource Utilization by Entity
  8. Registers Removed During Synthesis
  9. Removed Registers Triggering Further Register Optimizations
 10. General Register Statistics
 11. Multiplexer Restructuring Statistics (Restructuring Performed)
 12. Port Connectivity Checks: "Instruction_Decoder:dec_inst"
 13. Elapsed Time Per Partition
 14. Analysis & Synthesis Messages



----------------
; Legal Notice ;
----------------
Copyright (C) 1991-2013 Altera Corporation
Your use of Altera Corporation's design tools, logic functions 
and other software and tools, and its AMPP partner logic 
functions, and any output files from any of the foregoing 
(including device programming or simulation files), and any 
associated documentation or information are expressly subject 
to the terms and conditions of the Altera Program License 
Subscription Agreement, Altera MegaCore Function License 
Agreement, or other applicable license agreement, including, 
without limitation, that your use is for the sole purpose of 
programming logic devices manufactured by Altera and sold by 
Altera or its authorized distributors.  Please refer to the 
applicable agreement for further details.



+--------------------------------------------------------------------------------------+
; Analysis & Synthesis Summary                                                         ;
+------------------------------------+-------------------------------------------------+
; Analysis & Synthesis Status        ; Successful - Sat May 12 15:37:58 2018           ;
; Quartus II 64-Bit Version          ; 13.0.1 Build 232 06/12/2013 SP 1 SJ Web Edition ;
; Revision Name                      ; MDT90P01                                        ;
; Top-level Entity Name              ; MDT90P01                                        ;
; Family                             ; Cyclone II                                      ;
; Total logic elements               ; 75                                              ;
;     Total combinational functions  ; 70                                              ;
;     Dedicated logic registers      ; 41                                              ;
; Total registers                    ; 41                                              ;
; Total pins                         ; 104                                             ;
; Total virtual pins                 ; 0                                               ;
; Total memory bits                  ; 0                                               ;
; Embedded Multiplier 9-bit elements ; 0                                               ;
; Total PLLs                         ; 0                                               ;
+------------------------------------+-------------------------------------------------+


+----------------------------------------------------------------------------------------------------------------------+
; Analysis & Synthesis Settings                                                                                        ;
+----------------------------------------------------------------------------+--------------------+--------------------+
; Option                                                                     ; Setting            ; Default Value      ;
+----------------------------------------------------------------------------+--------------------+--------------------+
; Device                                                                     ; EP2C20F484C7       ;                    ;
; Top-level entity name                                                      ; MDT90P01           ; MDT90P01           ;
; Family name                                                                ; Cyclone II         ; Cyclone IV GX      ;
; VHDL Show LMF Mapping Messages                                             ; Off                ;                    ;
; VHDL Version                                                               ; VHDL_2008          ; VHDL_1993          ;
; Use smart compilation                                                      ; Off                ; Off                ;
; Enable parallel Assembler and TimeQuest Timing Analyzer during compilation ; On                 ; On                 ;
; Enable compact report table                                                ; Off                ; Off                ;
; Restructure Multiplexers                                                   ; Auto               ; Auto               ;
; Create Debugging Nodes for IP Cores                                        ; Off                ; Off                ;
; Preserve fewer node names                                                  ; On                 ; On                 ;
; Disable OpenCore Plus hardware evaluation                                  ; Off                ; Off                ;
; Verilog Version                                                            ; Verilog_2001       ; Verilog_2001       ;
; State Machine Processing                                                   ; Auto               ; Auto               ;
; Safe State Machine                                                         ; Off                ; Off                ;
; Extract Verilog State Machines                                             ; On                 ; On                 ;
; Extract VHDL State Machines                                                ; On                 ; On                 ;
; Ignore Verilog initial constructs                                          ; Off                ; Off                ;
; Iteration limit for constant Verilog loops                                 ; 5000               ; 5000               ;
; Iteration limit for non-constant Verilog loops                             ; 250                ; 250                ;
; Add Pass-Through Logic to Inferred RAMs                                    ; On                 ; On                 ;
; Infer RAMs from Raw Logic                                                  ; On                 ; On                 ;
; Parallel Synthesis                                                         ; On                 ; On                 ;
; DSP Block Balancing                                                        ; Auto               ; Auto               ;
; NOT Gate Push-Back                                                         ; On                 ; On                 ;
; Power-Up Don't Care                                                        ; On                 ; On                 ;
; Remove Redundant Logic Cells                                               ; Off                ; Off                ;
; Remove Duplicate Registers                                                 ; On                 ; On                 ;
; Ignore CARRY Buffers                                                       ; Off                ; Off                ;
; Ignore CASCADE Buffers                                                     ; Off                ; Off                ;
; Ignore GLOBAL Buffers                                                      ; Off                ; Off                ;
; Ignore ROW GLOBAL Buffers                                                  ; Off                ; Off                ;
; Ignore LCELL Buffers                                                       ; Off                ; Off                ;
; Ignore SOFT Buffers                                                        ; On                 ; On                 ;
; Limit AHDL Integers to 32 Bits                                             ; Off                ; Off                ;
; Optimization Technique                                                     ; Balanced           ; Balanced           ;
; Carry Chain Length                                                         ; 70                 ; 70                 ;
; Auto Carry Chains                                                          ; On                 ; On                 ;
; Auto Open-Drain Pins                                                       ; On                 ; On                 ;
; Perform WYSIWYG Primitive Resynthesis                                      ; Off                ; Off                ;
; Auto ROM Replacement                                                       ; On                 ; On                 ;
; Auto RAM Replacement                                                       ; On                 ; On                 ;
; Auto Shift Register Replacement                                            ; Auto               ; Auto               ;
; Allow Shift Register Merging across Hierarchies                            ; Auto               ; Auto               ;
; Auto Clock Enable Replacement                                              ; On                 ; On                 ;
; Strict RAM Replacement                                                     ; Off                ; Off                ;
; Allow Synchronous Control Signals                                          ; On                 ; On                 ;
; Force Use of Synchronous Clear Signals                                     ; Off                ; Off                ;
; Auto RAM to Logic Cell Conversion                                          ; Off                ; Off                ;
; Auto Resource Sharing                                                      ; Off                ; Off                ;
; Allow Any RAM Size For Recognition                                         ; Off                ; Off                ;
; Allow Any ROM Size For Recognition                                         ; Off                ; Off                ;
; Allow Any Shift Register Size For Recognition                              ; Off                ; Off                ;
; Use LogicLock Constraints during Resource Balancing                        ; On                 ; On                 ;
; Ignore translate_off and synthesis_off directives                          ; Off                ; Off                ;
; Timing-Driven Synthesis                                                    ; Off                ; Off                ;
; Report Parameter Settings                                                  ; On                 ; On                 ;
; Report Source Assignments                                                  ; On                 ; On                 ;
; Report Connectivity Checks                                                 ; On                 ; On                 ;
; Ignore Maximum Fan-Out Assignments                                         ; Off                ; Off                ;
; Synchronization Register Chain Length                                      ; 2                  ; 2                  ;
; PowerPlay Power Optimization                                               ; Normal compilation ; Normal compilation ;
; HDL message level                                                          ; Level2             ; Level2             ;
; Suppress Register Optimization Related Messages                            ; Off                ; Off                ;
; Number of Removed Registers Reported in Synthesis Report                   ; 5000               ; 5000               ;
; Number of Swept Nodes Reported in Synthesis Report                         ; 5000               ; 5000               ;
; Number of Inverted Registers Reported in Synthesis Report                  ; 100                ; 100                ;
; Clock MUX Protection                                                       ; On                 ; On                 ;
; Auto Gated Clock Conversion                                                ; Off                ; Off                ;
; Block Design Naming                                                        ; Auto               ; Auto               ;
; SDC constraint protection                                                  ; Off                ; Off                ;
; Synthesis Effort                                                           ; Auto               ; Auto               ;
; Shift Register Replacement - Allow Asynchronous Clear Signal               ; On                 ; On                 ;
; Pre-Mapping Resynthesis Optimization                                       ; Off                ; Off                ;
; Analysis & Synthesis Message Level                                         ; Medium             ; Medium             ;
; Disable Register Merging Across Hierarchies                                ; Auto               ; Auto               ;
; Resource Aware Inference For Block RAM                                     ; On                 ; On                 ;
; Synthesis Seed                                                             ; 1                  ; 1                  ;
+----------------------------------------------------------------------------+--------------------+--------------------+


Parallel compilation was disabled, but you have multiple processors available. Enable parallel compilation to reduce compilation time.
+-------------------------------------+
; Parallel Compilation                ;
+----------------------------+--------+
; Processors                 ; Number ;
+----------------------------+--------+
; Number detected on machine ; 8      ;
; Maximum allowed            ; 1      ;
+----------------------------+--------+


+--------------------------------------------------------------------------------------------------------------------------------------------------------------------+
; Analysis & Synthesis Source Files Read                                                                                                                             ;
+----------------------------------+-----------------+-----------------+-----------------------------------------------------------------------------------+---------+
; File Name with User-Entered Path ; Used in Netlist ; File Type       ; File Name with Absolute Path                                                      ; Library ;
+----------------------------------+-----------------+-----------------+-----------------------------------------------------------------------------------+---------+
; MDT90P01.vhd                     ; yes             ; User VHDL File  ; D:/Programme/Altera_Quartus2_1301_WebEd/Projects/MDT90P01/MDT90P01.vhd            ;         ;
; Instruction_Memory.vhd           ; yes             ; User VHDL File  ; D:/Programme/Altera_Quartus2_1301_WebEd/Projects/MDT90P01/Instruction_Memory.vhd  ;         ;
; RAM_Memory.vhd                   ; yes             ; User VHDL File  ; D:/Programme/Altera_Quartus2_1301_WebEd/Projects/MDT90P01/RAM_Memory.vhd          ;         ;
; Instruction_Decoder.vhd          ; yes             ; User VHDL File  ; D:/Programme/Altera_Quartus2_1301_WebEd/Projects/MDT90P01/Instruction_Decoder.vhd ;         ;
; W_Reg.vhd                        ; yes             ; User VHDL File  ; D:/Programme/Altera_Quartus2_1301_WebEd/Projects/MDT90P01/W_Reg.vhd               ;         ;
; Program_Counter.vhd              ; yes             ; User VHDL File  ; D:/Programme/Altera_Quartus2_1301_WebEd/Projects/MDT90P01/Program_Counter.vhd     ;         ;
; Pipeline_State.vhd               ; yes             ; User VHDL File  ; D:/Programme/Altera_Quartus2_1301_WebEd/Projects/MDT90P01/Pipeline_State.vhd      ;         ;
; Stack.vhd                        ; yes             ; User VHDL File  ; D:/Programme/Altera_Quartus2_1301_WebEd/Projects/MDT90P01/Stack.vhd               ;         ;
+----------------------------------+-----------------+-----------------+-----------------------------------------------------------------------------------+---------+


+-----------------------------------------------------+
; Analysis & Synthesis Resource Usage Summary         ;
+---------------------------------------------+-------+
; Resource                                    ; Usage ;
+---------------------------------------------+-------+
; Estimated Total logic elements              ; 75    ;
;                                             ;       ;
; Total combinational functions               ; 70    ;
; Logic element usage by number of LUT inputs ;       ;
;     -- 4 input functions                    ; 27    ;
;     -- 3 input functions                    ; 17    ;
;     -- <=2 input functions                  ; 26    ;
;                                             ;       ;
; Logic elements by mode                      ;       ;
;     -- normal mode                          ; 55    ;
;     -- arithmetic mode                      ; 15    ;
;                                             ;       ;
; Total registers                             ; 41    ;
;     -- Dedicated logic registers            ; 41    ;
;     -- I/O registers                        ; 0     ;
;                                             ;       ;
; I/O pins                                    ; 104   ;
; Embedded Multiplier 9-bit elements          ; 0     ;
; Maximum fan-out node                        ; c0    ;
; Maximum fan-out                             ; 41    ;
; Total fan-out                               ; 371   ;
; Average fan-out                             ; 1.73  ;
+---------------------------------------------+-------+


+---------------------------------------------------------------------------------------------------------------------------------------------------------------------------------------------------------+
; Analysis & Synthesis Resource Utilization by Entity                                                                                                                                                     ;
+------------------------------------+-------------------+--------------+-------------+--------------+---------+-----------+------+--------------+-----------------------------------------+--------------+
; Compilation Hierarchy Node         ; LC Combinationals ; LC Registers ; Memory Bits ; DSP Elements ; DSP 9x9 ; DSP 18x18 ; Pins ; Virtual Pins ; Full Hierarchy Name                     ; Library Name ;
+------------------------------------+-------------------+--------------+-------------+--------------+---------+-----------+------+--------------+-----------------------------------------+--------------+
; |MDT90P01                          ; 70 (1)            ; 41 (0)       ; 0           ; 0            ; 0       ; 0         ; 104  ; 0            ; |MDT90P01                               ; work         ;
;    |Instruction_Decoder:dec_inst|  ; 11 (11)           ; 11 (11)      ; 0           ; 0            ; 0       ; 0         ; 0    ; 0            ; |MDT90P01|Instruction_Decoder:dec_inst  ; work         ;
;    |Instruction_Memory:instr_inst| ; 5 (5)             ; 5 (5)        ; 0           ; 0            ; 0       ; 0         ; 0    ; 0            ; |MDT90P01|Instruction_Memory:instr_inst ; work         ;
;    |Pipeline_State:pipe_inst|      ; 3 (3)             ; 3 (3)        ; 0           ; 0            ; 0       ; 0         ; 0    ; 0            ; |MDT90P01|Pipeline_State:pipe_inst      ; work         ;
;    |Program_Counter:pc_inst|       ; 27 (27)           ; 9 (9)        ; 0           ; 0            ; 0       ; 0         ; 0    ; 0            ; |MDT90P01|Program_Counter:pc_inst       ; work         ;
;    |RAM_Memory:ram_inst|           ; 22 (22)           ; 9 (9)        ; 0           ; 0            ; 0       ; 0         ; 0    ; 0            ; |MDT90P01|RAM_Memory:ram_inst           ; work         ;
;    |W_Reg:wreg_inst|               ; 1 (1)             ; 4 (4)        ; 0           ; 0            ; 0       ; 0         ; 0    ; 0            ; |MDT90P01|W_Reg:wreg_inst               ; work         ;
+------------------------------------+-------------------+--------------+-------------+--------------+---------+-----------+------+--------------+-----------------------------------------+--------------+
Note: For table entries with two numbers listed, the numbers in parentheses indicate the number of resources of the given type used by the specific entity alone. The numbers listed outside of parentheses indicate the total resources of the given type used by the specific entity and all of its sub-entities in the hierarchy.


+-------------------------------------------------------------------------------------------------------------+
; Registers Removed During Synthesis                                                                          ;
+--------------------------------------------------+----------------------------------------------------------+
; Register name                                    ; Reason for Removal                                       ;
+--------------------------------------------------+----------------------------------------------------------+
; Instruction_Memory:instr_inst|instruction[4,6]   ; Stuck at GND due to stuck port data_in                   ;
; Instruction_Memory:instr_inst|instruction[0,2,3] ; Merged with Instruction_Memory:instr_inst|instruction[1] ;
; Instruction_Memory:instr_inst|instruction[10]    ; Merged with Instruction_Memory:instr_inst|instruction[9] ;
; Instruction_Decoder:dec_inst|read_w              ; Stuck at GND due to stuck port data_in                   ;
; Instruction_Decoder:dec_inst|reg_addr[4]         ; Stuck at GND due to stuck port data_in                   ;
; Instruction_Decoder:dec_inst|is_add              ; Stuck at GND due to stuck port data_in                   ;
; Instruction_Decoder:dec_inst|bit_pos[1]          ; Stuck at GND due to stuck port data_in                   ;
; W_Reg:wreg_inst|reg_write_data[0..3]             ; Stuck at GND due to stuck port clock_enable              ;
; RAM_Memory:ram_inst|reg_array[22][1]             ; Lost fanout                                              ;
; RAM_Memory:ram_inst|reg_array[22][2]             ; Lost fanout                                              ;
; RAM_Memory:ram_inst|reg_array[22][0]             ; Lost fanout                                              ;
; RAM_Memory:ram_inst|reg_array[22][3]             ; Lost fanout                                              ;
; RAM_Memory:ram_inst|reg_array[21][2]             ; Lost fanout                                              ;
; RAM_Memory:ram_inst|reg_array[21][1]             ; Lost fanout                                              ;
; RAM_Memory:ram_inst|reg_array[21][0]             ; Lost fanout                                              ;
; RAM_Memory:ram_inst|reg_array[21][3]             ; Lost fanout                                              ;
; RAM_Memory:ram_inst|reg_array[20][2]             ; Lost fanout                                              ;
; RAM_Memory:ram_inst|reg_array[20][1]             ; Lost fanout                                              ;
; RAM_Memory:ram_inst|reg_array[20][0]             ; Lost fanout                                              ;
; RAM_Memory:ram_inst|reg_array[20][3]             ; Lost fanout                                              ;
; RAM_Memory:ram_inst|reg_array[23][1]             ; Lost fanout                                              ;
; RAM_Memory:ram_inst|reg_array[23][2]             ; Lost fanout                                              ;
; RAM_Memory:ram_inst|reg_array[23][0]             ; Lost fanout                                              ;
; RAM_Memory:ram_inst|reg_array[23][3]             ; Lost fanout                                              ;
; RAM_Memory:ram_inst|reg_array[25][2]             ; Lost fanout                                              ;
; RAM_Memory:ram_inst|reg_array[25][1]             ; Lost fanout                                              ;
; RAM_Memory:ram_inst|reg_array[25][0]             ; Lost fanout                                              ;
; RAM_Memory:ram_inst|reg_array[25][3]             ; Lost fanout                                              ;
; RAM_Memory:ram_inst|reg_array[26][1]             ; Lost fanout                                              ;
; RAM_Memory:ram_inst|reg_array[26][2]             ; Lost fanout                                              ;
; RAM_Memory:ram_inst|reg_array[26][0]             ; Lost fanout                                              ;
; RAM_Memory:ram_inst|reg_array[26][3]             ; Lost fanout                                              ;
; RAM_Memory:ram_inst|reg_array[24][2]             ; Lost fanout                                              ;
; RAM_Memory:ram_inst|reg_array[24][1]             ; Lost fanout                                              ;
; RAM_Memory:ram_inst|reg_array[24][0]             ; Lost fanout                                              ;
; RAM_Memory:ram_inst|reg_array[24][3]             ; Lost fanout                                              ;
; RAM_Memory:ram_inst|reg_array[27][1]             ; Lost fanout                                              ;
; RAM_Memory:ram_inst|reg_array[27][2]             ; Lost fanout                                              ;
; RAM_Memory:ram_inst|reg_array[27][0]             ; Lost fanout                                              ;
; RAM_Memory:ram_inst|reg_array[27][3]             ; Lost fanout                                              ;
; RAM_Memory:ram_inst|reg_array[17][2]             ; Lost fanout                                              ;
; RAM_Memory:ram_inst|reg_array[17][1]             ; Lost fanout                                              ;
; RAM_Memory:ram_inst|reg_array[17][0]             ; Lost fanout                                              ;
; RAM_Memory:ram_inst|reg_array[17][3]             ; Lost fanout                                              ;
; RAM_Memory:ram_inst|reg_array[18][1]             ; Lost fanout                                              ;
; RAM_Memory:ram_inst|reg_array[18][2]             ; Lost fanout                                              ;
; RAM_Memory:ram_inst|reg_array[18][0]             ; Lost fanout                                              ;
; RAM_Memory:ram_inst|reg_array[18][3]             ; Lost fanout                                              ;
; RAM_Memory:ram_inst|reg_array[16][2]             ; Lost fanout                                              ;
; RAM_Memory:ram_inst|reg_array[16][1]             ; Lost fanout                                              ;
; RAM_Memory:ram_inst|reg_array[16][0]             ; Lost fanout                                              ;
; RAM_Memory:ram_inst|reg_array[16][3]             ; Lost fanout                                              ;
; RAM_Memory:ram_inst|reg_array[19][1]             ; Lost fanout                                              ;
; RAM_Memory:ram_inst|reg_array[19][2]             ; Lost fanout                                              ;
; RAM_Memory:ram_inst|reg_array[19][0]             ; Lost fanout                                              ;
; RAM_Memory:ram_inst|reg_array[19][3]             ; Lost fanout                                              ;
; RAM_Memory:ram_inst|reg_array[28][2]             ; Lost fanout                                              ;
; RAM_Memory:ram_inst|reg_array[28][1]             ; Lost fanout                                              ;
; RAM_Memory:ram_inst|reg_array[28][0]             ; Lost fanout                                              ;
; RAM_Memory:ram_inst|reg_array[28][3]             ; Lost fanout                                              ;
; RAM_Memory:ram_inst|reg_array[29][1]             ; Lost fanout                                              ;
; RAM_Memory:ram_inst|reg_array[29][2]             ; Lost fanout                                              ;
; RAM_Memory:ram_inst|reg_array[29][0]             ; Lost fanout                                              ;
; RAM_Memory:ram_inst|reg_array[29][3]             ; Lost fanout                                              ;
; Instruction_Decoder:dec_inst|is_jump~reg0        ; Stuck at GND due to stuck port data_in                   ;
; Instruction_Decoder:dec_inst|jump_addr[0]~reg0   ; Stuck at GND due to stuck port data_in                   ;
; Instruction_Decoder:dec_inst|jump_addr[1]~reg0   ; Stuck at GND due to stuck port data_in                   ;
; Instruction_Decoder:dec_inst|jump_addr[2]~reg0   ; Stuck at GND due to stuck port data_in                   ;
; Instruction_Decoder:dec_inst|jump_addr[3]~reg0   ; Stuck at GND due to stuck port data_in                   ;
; Instruction_Decoder:dec_inst|jump_addr[4]~reg0   ; Stuck at GND due to stuck port data_in                   ;
; Instruction_Decoder:dec_inst|jump_addr[5]~reg0   ; Stuck at GND due to stuck port data_in                   ;
; Instruction_Decoder:dec_inst|jump_addr[6]~reg0   ; Stuck at GND due to stuck port data_in                   ;
; Instruction_Decoder:dec_inst|jump_addr[7]~reg0   ; Stuck at GND due to stuck port data_in                   ;
; Instruction_Decoder:dec_inst|jump_addr[8]~reg0   ; Stuck at GND due to stuck port data_in                   ;
; Stack:stack_int|stack_int[0][0]                  ; Stuck at GND due to stuck port clock_enable              ;
; Stack:stack_int|stack_int[0][1]                  ; Stuck at GND due to stuck port clock_enable              ;
; Stack:stack_int|stack_int[0][2]                  ; Stuck at GND due to stuck port clock_enable              ;
; Stack:stack_int|stack_int[0][3]                  ; Stuck at GND due to stuck port clock_enable              ;
; Stack:stack_int|stack_int[0][4]                  ; Stuck at GND due to stuck port clock_enable              ;
; Stack:stack_int|stack_int[0][5]                  ; Stuck at GND due to stuck port clock_enable              ;
; Stack:stack_int|stack_int[0][6]                  ; Stuck at GND due to stuck port clock_enable              ;
; Stack:stack_int|stack_int[0][7]                  ; Stuck at GND due to stuck port clock_enable              ;
; Stack:stack_int|stack_int[0][8]                  ; Stuck at GND due to stuck port clock_enable              ;
; Stack:stack_int|stack_int[1][0]                  ; Stuck at GND due to stuck port clock_enable              ;
; Stack:stack_int|stack_int[1][1]                  ; Stuck at GND due to stuck port clock_enable              ;
; Stack:stack_int|stack_int[1][2]                  ; Stuck at GND due to stuck port clock_enable              ;
; Stack:stack_int|stack_int[1][3]                  ; Stuck at GND due to stuck port clock_enable              ;
; Stack:stack_int|stack_int[1][4]                  ; Stuck at GND due to stuck port clock_enable              ;
; Stack:stack_int|stack_int[1][5]                  ; Stuck at GND due to stuck port clock_enable              ;
; Stack:stack_int|stack_int[1][6]                  ; Stuck at GND due to stuck port clock_enable              ;
; Stack:stack_int|stack_int[1][7]                  ; Stuck at GND due to stuck port clock_enable              ;
; Stack:stack_int|stack_int[1][8]                  ; Stuck at GND due to stuck port clock_enable              ;
; Stack:stack_int|ret_addr[0..8]                   ; Stuck at GND due to stuck port data_in                   ;
; RAM_Memory:ram_inst|reg_array[0][3]              ; Merged with RAM_Memory:ram_inst|reg_array[0][2]          ;
; RAM_Memory:ram_inst|reg_array[6][3]              ; Merged with RAM_Memory:ram_inst|reg_array[6][2]          ;
; RAM_Memory:ram_inst|reg_array[10][3]             ; Merged with RAM_Memory:ram_inst|reg_array[10][2]         ;
; RAM_Memory:ram_inst|reg_array[2][3]              ; Merged with RAM_Memory:ram_inst|reg_array[2][2]          ;
; RAM_Memory:ram_inst|reg_array[14][3]             ; Merged with RAM_Memory:ram_inst|reg_array[14][2]         ;
; RAM_Memory:ram_inst|reg_array[9][3]              ; Merged with RAM_Memory:ram_inst|reg_array[9][2]          ;
; RAM_Memory:ram_inst|reg_array[5][3]              ; Merged with RAM_Memory:ram_inst|reg_array[5][2]          ;
; RAM_Memory:ram_inst|reg_array[1][3]              ; Merged with RAM_Memory:ram_inst|reg_array[1][2]          ;
; RAM_Memory:ram_inst|reg_array[13][3]             ; Merged with RAM_Memory:ram_inst|reg_array[13][2]         ;
; RAM_Memory:ram_inst|reg_array[8][3]              ; Merged with RAM_Memory:ram_inst|reg_array[8][2]          ;
; RAM_Memory:ram_inst|reg_array[4][3]              ; Merged with RAM_Memory:ram_inst|reg_array[4][2]          ;
; RAM_Memory:ram_inst|reg_array[12][3]             ; Merged with RAM_Memory:ram_inst|reg_array[12][2]         ;
; RAM_Memory:ram_inst|reg_array[7][3]              ; Merged with RAM_Memory:ram_inst|reg_array[7][2]          ;
; RAM_Memory:ram_inst|reg_array[11][3]             ; Merged with RAM_Memory:ram_inst|reg_array[11][2]         ;
; RAM_Memory:ram_inst|reg_array[3][3]              ; Merged with RAM_Memory:ram_inst|reg_array[3][2]          ;
; RAM_Memory:ram_inst|reg_array[15][3]             ; Merged with RAM_Memory:ram_inst|reg_array[15][2]         ;
; RAM_Memory:ram_inst|reg_read_data[3]             ; Merged with RAM_Memory:ram_inst|reg_read_data[2]         ;
; Instruction_Decoder:dec_inst|place_immediate     ; Merged with Instruction_Decoder:dec_inst|write_w         ;
; Instruction_Decoder:dec_inst|immediate[1..3]     ; Merged with Instruction_Decoder:dec_inst|immediate[0]    ;
; Instruction_Decoder:dec_inst|reg_addr[1,2]       ; Merged with Instruction_Decoder:dec_inst|reg_addr[0]     ;
; RAM_Memory:ram_inst|reg_array[0][2]              ; Stuck at GND due to stuck port data_in                   ;
; RAM_Memory:ram_inst|reg_array[6][2]              ; Stuck at GND due to stuck port data_in                   ;
; RAM_Memory:ram_inst|reg_array[10][2]             ; Stuck at GND due to stuck port data_in                   ;
; RAM_Memory:ram_inst|reg_array[2][2]              ; Stuck at GND due to stuck port data_in                   ;
; RAM_Memory:ram_inst|reg_array[14][2]             ; Stuck at GND due to stuck port data_in                   ;
; RAM_Memory:ram_inst|reg_array[9][2]              ; Stuck at GND due to stuck port data_in                   ;
; RAM_Memory:ram_inst|reg_array[5][2]              ; Stuck at GND due to stuck port data_in                   ;
; RAM_Memory:ram_inst|reg_array[1][2]              ; Stuck at GND due to stuck port data_in                   ;
; RAM_Memory:ram_inst|reg_array[13][2]             ; Stuck at GND due to stuck port data_in                   ;
; RAM_Memory:ram_inst|reg_array[8][2]              ; Stuck at GND due to stuck port data_in                   ;
; RAM_Memory:ram_inst|reg_array[4][2]              ; Stuck at GND due to stuck port data_in                   ;
; RAM_Memory:ram_inst|reg_array[12][2]             ; Stuck at GND due to stuck port data_in                   ;
; RAM_Memory:ram_inst|reg_array[7][2]              ; Stuck at GND due to stuck port data_in                   ;
; RAM_Memory:ram_inst|reg_array[11][2]             ; Stuck at GND due to stuck port data_in                   ;
; RAM_Memory:ram_inst|reg_array[3][2]              ; Stuck at GND due to stuck port data_in                   ;
; RAM_Memory:ram_inst|reg_array[15][2]             ; Stuck at GND due to stuck port data_in                   ;
; RAM_Memory:ram_inst|reg_array[9][1]              ; Lost fanout                                              ;
; RAM_Memory:ram_inst|reg_array[9][0]              ; Lost fanout                                              ;
; RAM_Memory:ram_inst|reg_array[5][1]              ; Lost fanout                                              ;
; RAM_Memory:ram_inst|reg_array[5][0]              ; Lost fanout                                              ;
; RAM_Memory:ram_inst|reg_array[1][1]              ; Lost fanout                                              ;
; RAM_Memory:ram_inst|reg_array[1][0]              ; Lost fanout                                              ;
; RAM_Memory:ram_inst|reg_array[13][1]             ; Lost fanout                                              ;
; RAM_Memory:ram_inst|reg_array[13][0]             ; Lost fanout                                              ;
; RAM_Memory:ram_inst|reg_read_data[2]             ; Stuck at GND due to stuck port sload                     ;
; RAM_Memory:ram_inst|reg_array[6][1]              ; Lost fanout                                              ;
; RAM_Memory:ram_inst|reg_array[6][0]              ; Lost fanout                                              ;
; RAM_Memory:ram_inst|reg_array[10][1]             ; Lost fanout                                              ;
; RAM_Memory:ram_inst|reg_array[10][0]             ; Lost fanout                                              ;
; RAM_Memory:ram_inst|reg_array[2][1]              ; Lost fanout                                              ;
; RAM_Memory:ram_inst|reg_array[2][0]              ; Lost fanout                                              ;
; RAM_Memory:ram_inst|reg_array[14][1]             ; Lost fanout                                              ;
; RAM_Memory:ram_inst|reg_array[14][0]             ; Lost fanout                                              ;
; RAM_Memory:ram_inst|reg_array[4][1]              ; Stuck at GND due to stuck port data_in                   ;
; RAM_Memory:ram_inst|reg_array[4][0]              ; Stuck at GND due to stuck port data_in                   ;
; RAM_Memory:ram_inst|reg_array[12][1]             ; Stuck at GND due to stuck port data_in                   ;
; RAM_Memory:ram_inst|reg_array[12][0]             ; Stuck at GND due to stuck port data_in                   ;
; RAM_Memory:ram_inst|reg_array[11][1]             ; Stuck at GND due to stuck port data_in                   ;
; RAM_Memory:ram_inst|reg_array[11][0]             ; Stuck at GND due to stuck port data_in                   ;
; RAM_Memory:ram_inst|reg_array[3][1]              ; Stuck at GND due to stuck port data_in                   ;
; RAM_Memory:ram_inst|reg_array[3][0]              ; Stuck at GND due to stuck port data_in                   ;
; Stack:stack_int|idx[0]                           ; Stuck at GND due to stuck port data_in                   ;
; Instruction_Decoder:dec_inst|bit_test            ; Merged with Instruction_Decoder:dec_inst|reg_read_en     ;
; RAM_Memory:ram_inst|reg_read_data[0,1]           ; Stuck at GND due to stuck port sclear                    ;
; Total Number of Removed Registers = 175          ;                                                          ;
+--------------------------------------------------+----------------------------------------------------------+


+-------------------------------------------------------------------------------------------------------------------------------------------------------------+
; Removed Registers Triggering Further Register Optimizations                                                                                                 ;
+----------------------------------------------+---------------------------+----------------------------------------------------------------------------------+
; Register name                                ; Reason for Removal        ; Registers Removed due to This Register                                           ;
+----------------------------------------------+---------------------------+----------------------------------------------------------------------------------+
; Instruction_Memory:instr_inst|instruction[4] ; Stuck at GND              ; Instruction_Decoder:dec_inst|read_w, Instruction_Decoder:dec_inst|reg_addr[4],   ;
;                                              ; due to stuck port data_in ; Instruction_Decoder:dec_inst|is_add, Instruction_Decoder:dec_inst|bit_pos[1],    ;
;                                              ;                           ; W_Reg:wreg_inst|reg_write_data[0], W_Reg:wreg_inst|reg_write_data[1],            ;
;                                              ;                           ; W_Reg:wreg_inst|reg_write_data[2], W_Reg:wreg_inst|reg_write_data[3],            ;
;                                              ;                           ; Instruction_Decoder:dec_inst|is_jump~reg0,                                       ;
;                                              ;                           ; Instruction_Decoder:dec_inst|jump_addr[0]~reg0,                                  ;
;                                              ;                           ; Instruction_Decoder:dec_inst|jump_addr[1]~reg0,                                  ;
;                                              ;                           ; Instruction_Decoder:dec_inst|jump_addr[2]~reg0,                                  ;
;                                              ;                           ; Instruction_Decoder:dec_inst|jump_addr[3]~reg0,                                  ;
;                                              ;                           ; Instruction_Decoder:dec_inst|jump_addr[4]~reg0,                                  ;
;                                              ;                           ; Instruction_Decoder:dec_inst|jump_addr[5]~reg0,                                  ;
;                                              ;                           ; Instruction_Decoder:dec_inst|jump_addr[6]~reg0,                                  ;
;                                              ;                           ; Instruction_Decoder:dec_inst|jump_addr[7]~reg0,                                  ;
;                                              ;                           ; Instruction_Decoder:dec_inst|jump_addr[8]~reg0, Stack:stack_int|stack_int[0][0], ;
;                                              ;                           ; Stack:stack_int|stack_int[0][1], Stack:stack_int|stack_int[0][2],                ;
;                                              ;                           ; Stack:stack_int|stack_int[0][3], Stack:stack_int|stack_int[0][4],                ;
;                                              ;                           ; Stack:stack_int|stack_int[0][5], Stack:stack_int|stack_int[0][6],                ;
;                                              ;                           ; Stack:stack_int|stack_int[0][7], Stack:stack_int|stack_int[0][8],                ;
;                                              ;                           ; Stack:stack_int|stack_int[1][0], Stack:stack_int|stack_int[1][1],                ;
;                                              ;                           ; Stack:stack_int|stack_int[1][2], Stack:stack_int|stack_int[1][3],                ;
;                                              ;                           ; Stack:stack_int|stack_int[1][4], Stack:stack_int|stack_int[1][5],                ;
;                                              ;                           ; Stack:stack_int|stack_int[1][6], Stack:stack_int|stack_int[1][7],                ;
;                                              ;                           ; Stack:stack_int|stack_int[1][8], Stack:stack_int|ret_addr[0],                    ;
;                                              ;                           ; Stack:stack_int|ret_addr[1], Stack:stack_int|ret_addr[2],                        ;
;                                              ;                           ; Stack:stack_int|ret_addr[3], Stack:stack_int|ret_addr[4],                        ;
;                                              ;                           ; Stack:stack_int|ret_addr[5], Stack:stack_int|ret_addr[6],                        ;
;                                              ;                           ; Stack:stack_int|ret_addr[7], Stack:stack_int|ret_addr[8],                        ;
;                                              ;                           ; RAM_Memory:ram_inst|reg_array[0][2], RAM_Memory:ram_inst|reg_array[6][2],        ;
;                                              ;                           ; RAM_Memory:ram_inst|reg_array[10][2], RAM_Memory:ram_inst|reg_array[2][2],       ;
;                                              ;                           ; RAM_Memory:ram_inst|reg_array[14][2], RAM_Memory:ram_inst|reg_array[9][2],       ;
;                                              ;                           ; RAM_Memory:ram_inst|reg_array[5][2], RAM_Memory:ram_inst|reg_array[1][2],        ;
;                                              ;                           ; RAM_Memory:ram_inst|reg_array[13][2], RAM_Memory:ram_inst|reg_array[8][2],       ;
;                                              ;                           ; RAM_Memory:ram_inst|reg_array[4][2], RAM_Memory:ram_inst|reg_array[12][2],       ;
;                                              ;                           ; RAM_Memory:ram_inst|reg_array[7][2], RAM_Memory:ram_inst|reg_array[11][2],       ;
;                                              ;                           ; RAM_Memory:ram_inst|reg_array[3][2], RAM_Memory:ram_inst|reg_array[15][2],       ;
;                                              ;                           ; RAM_Memory:ram_inst|reg_array[9][1], RAM_Memory:ram_inst|reg_array[9][0],        ;
;                                              ;                           ; RAM_Memory:ram_inst|reg_array[5][1], RAM_Memory:ram_inst|reg_array[5][0],        ;
;                                              ;                           ; RAM_Memory:ram_inst|reg_array[1][1], RAM_Memory:ram_inst|reg_array[1][0],        ;
;                                              ;                           ; RAM_Memory:ram_inst|reg_array[13][1], RAM_Memory:ram_inst|reg_array[13][0],      ;
;                                              ;                           ; RAM_Memory:ram_inst|reg_read_data[2], RAM_Memory:ram_inst|reg_array[6][1],       ;
;                                              ;                           ; RAM_Memory:ram_inst|reg_array[6][0], RAM_Memory:ram_inst|reg_array[10][1],       ;
;                                              ;                           ; RAM_Memory:ram_inst|reg_array[10][0], RAM_Memory:ram_inst|reg_array[2][1],       ;
;                                              ;                           ; RAM_Memory:ram_inst|reg_array[14][1], RAM_Memory:ram_inst|reg_array[14][0],      ;
;                                              ;                           ; RAM_Memory:ram_inst|reg_array[4][1], RAM_Memory:ram_inst|reg_array[4][0],        ;
;                                              ;                           ; RAM_Memory:ram_inst|reg_array[12][1], RAM_Memory:ram_inst|reg_array[12][0],      ;
;                                              ;                           ; RAM_Memory:ram_inst|reg_array[11][1], RAM_Memory:ram_inst|reg_array[11][0],      ;
;                                              ;                           ; RAM_Memory:ram_inst|reg_array[3][1], RAM_Memory:ram_inst|reg_array[3][0],        ;
;                                              ;                           ; RAM_Memory:ram_inst|reg_read_data[0], RAM_Memory:ram_inst|reg_read_data[1]       ;
+----------------------------------------------+---------------------------+----------------------------------------------------------------------------------+


+------------------------------------------------------+
; General Register Statistics                          ;
+----------------------------------------------+-------+
; Statistic                                    ; Value ;
+----------------------------------------------+-------+
; Total registers                              ; 41    ;
; Number of registers using Synchronous Clear  ; 0     ;
; Number of registers using Synchronous Load   ; 4     ;
; Number of registers using Asynchronous Clear ; 0     ;
; Number of registers using Asynchronous Load  ; 0     ;
; Number of registers using Clock Enable       ; 29    ;
; Number of registers using Preset             ; 0     ;
+----------------------------------------------+-------+


+------------------------------------------------------------------------------------------------------------------------------------------------------------------------+
; Multiplexer Restructuring Statistics (Restructuring Performed)                                                                                                         ;
+--------------------+-----------+---------------+----------------------+------------------------+------------+----------------------------------------------------------+
; Multiplexer Inputs ; Bus Width ; Baseline Area ; Area if Restructured ; Saving if Restructured ; Registered ; Example Multiplexer Output                               ;
+--------------------+-----------+---------------+----------------------+------------------------+------------+----------------------------------------------------------+
; 3:1                ; 4 bits    ; 8 LEs         ; 8 LEs                ; 0 LEs                  ; Yes        ; |MDT90P01|W_Reg:wreg_inst|w_content[0]                   ;
; 4:1                ; 8 bits    ; 16 LEs        ; 16 LEs               ; 0 LEs                  ; Yes        ; |MDT90P01|Program_Counter:pc_inst|pc_int[7]              ;
; 7:1                ; 2 bits    ; 8 LEs         ; 8 LEs                ; 0 LEs                  ; Yes        ; |MDT90P01|Instruction_Decoder:dec_inst|place_immediate   ;
; 8:1                ; 3 bits    ; 15 LEs        ; 15 LEs               ; 0 LEs                  ; Yes        ; |MDT90P01|Instruction_Decoder:dec_inst|write_w           ;
; 33:1               ; 4 bits    ; 88 LEs        ; 80 LEs               ; 8 LEs                  ; Yes        ; |MDT90P01|RAM_Memory:ram_inst|reg_read_data[3]           ;
; 10:1               ; 4 bits    ; 24 LEs        ; 4 LEs                ; 20 LEs                 ; Yes        ; |MDT90P01|Instruction_Decoder:dec_inst|immediate[0]      ;
; 10:1               ; 9 bits    ; 54 LEs        ; 9 LEs                ; 45 LEs                 ; Yes        ; |MDT90P01|Instruction_Decoder:dec_inst|jump_addr[8]~reg0 ;
; 64:1               ; 2 bits    ; 84 LEs        ; 2 LEs                ; 82 LEs                 ; No         ; |MDT90P01|Instruction_Decoder:dec_inst|reg_addr          ;
; 256:1              ; 3 bits    ; 510 LEs       ; 3 LEs                ; 507 LEs                ; No         ; |MDT90P01|Instruction_Decoder:dec_inst|reg_addr          ;
+--------------------+-----------+---------------+----------------------+------------------------+------------+----------------------------------------------------------+


+----------------------------------------------------------------------------------------------------------------------+
; Port Connectivity Checks: "Instruction_Decoder:dec_inst"                                                             ;
+------------+--------+----------+-------------------------------------------------------------------------------------+
; Port       ; Type   ; Severity ; Details                                                                             ;
+------------+--------+----------+-------------------------------------------------------------------------------------+
; write_tmrl ; Output ; Info     ; Connected to dangling logic. Logic that only feeds a dangling port will be removed. ;
; write_tmrh ; Output ; Info     ; Connected to dangling logic. Logic that only feeds a dangling port will be removed. ;
; write_cpio ; Output ; Info     ; Connected to dangling logic. Logic that only feeds a dangling port will be removed. ;
+------------+--------+----------+-------------------------------------------------------------------------------------+


+-------------------------------+
; Elapsed Time Per Partition    ;
+----------------+--------------+
; Partition Name ; Elapsed Time ;
+----------------+--------------+
; Top            ; 00:00:00     ;
+----------------+--------------+


+-------------------------------+
; Analysis & Synthesis Messages ;
+-------------------------------+
Info: *******************************************************************
Info: Running Quartus II 64-Bit Analysis & Synthesis
    Info: Version 13.0.1 Build 232 06/12/2013 Service Pack 1 SJ Web Edition
    Info: Processing started: Sat May 12 15:37:56 2018
Info: Command: quartus_map --read_settings_files=on --write_settings_files=off MDT90P01 -c MDT90P01
Warning (20028): Parallel compilation is not licensed and has been disabled
Info (12021): Found 2 design units, including 1 entities, in source file pll_conf.vhd
    Info (12022): Found design unit 1: pll_conf-SYN
    Info (12023): Found entity 1: pll_conf
Info (12021): Found 2 design units, including 1 entities, in source file mdt90p01.vhd
    Info (12022): Found design unit 1: MDT90P01-Behavioral
    Info (12023): Found entity 1: MDT90P01
Info (12021): Found 2 design units, including 1 entities, in source file instruction_memory.vhd
    Info (12022): Found design unit 1: Instruction_Memory-Behavioral
    Info (12023): Found entity 1: Instruction_Memory
Info (12021): Found 2 design units, including 1 entities, in source file ram_memory.vhd
    Info (12022): Found design unit 1: RAM_Memory-Behavioral
    Info (12023): Found entity 1: RAM_Memory
Info (12021): Found 2 design units, including 1 entities, in source file instruction_decoder.vhd
    Info (12022): Found design unit 1: Instruction_Decoder-Behavioral
    Info (12023): Found entity 1: Instruction_Decoder
Info (12021): Found 2 design units, including 1 entities, in source file w_reg.vhd
    Info (12022): Found design unit 1: W_Reg-Behavioral
    Info (12023): Found entity 1: W_Reg
Info (12021): Found 2 design units, including 1 entities, in source file program_counter.vhd
    Info (12022): Found design unit 1: Program_Counter-Behavioral
    Info (12023): Found entity 1: Program_Counter
Info (12021): Found 2 design units, including 1 entities, in source file pipeline_state.vhd
    Info (12022): Found design unit 1: Pipeline_State-Behavioral
    Info (12023): Found entity 1: Pipeline_State
Info (12021): Found 2 design units, including 1 entities, in source file stack.vhd
    Info (12022): Found design unit 1: Stack-Behavioral
    Info (12023): Found entity 1: Stack
Info (12127): Elaborating entity "MDT90P01" for the top level hierarchy
Info (12128): Elaborating entity "Instruction_Memory" for hierarchy "Instruction_Memory:instr_inst"
Info (12128): Elaborating entity "Program_Counter" for hierarchy "Program_Counter:pc_inst"
Info (12128): Elaborating entity "Instruction_Decoder" for hierarchy "Instruction_Decoder:dec_inst"
Info (12128): Elaborating entity "W_Reg" for hierarchy "W_Reg:wreg_inst"
Info (12128): Elaborating entity "RAM_Memory" for hierarchy "RAM_Memory:ram_inst"
Info (12128): Elaborating entity "Pipeline_State" for hierarchy "Pipeline_State:pipe_inst"
Info (12128): Elaborating entity "Stack" for hierarchy "Stack:stack_int"
Warning (13034): The following nodes have both tri-state and non-tri-state drivers
    Warning (13035): Inserted always-enabled tri-state buffer between "pc[0]" and its non-tri-state driver.
    Warning (13035): Inserted always-enabled tri-state buffer between "pc[1]" and its non-tri-state driver.
    Warning (13035): Inserted always-enabled tri-state buffer between "pc[2]" and its non-tri-state driver.
    Warning (13035): Inserted always-enabled tri-state buffer between "pc[3]" and its non-tri-state driver.
    Warning (13035): Inserted always-enabled tri-state buffer between "pc[4]" and its non-tri-state driver.
    Warning (13035): Inserted always-enabled tri-state buffer between "pc[5]" and its non-tri-state driver.
    Warning (13035): Inserted always-enabled tri-state buffer between "pc[6]" and its non-tri-state driver.
    Warning (13035): Inserted always-enabled tri-state buffer between "pc[7]" and its non-tri-state driver.
    Warning (13035): Inserted always-enabled tri-state buffer between "pc[8]" and its non-tri-state driver.
    Warning (13035): Inserted always-enabled tri-state buffer between "pc_skip" and its non-tri-state driver.
    Warning (13035): Inserted always-enabled tri-state buffer between "instruction[0]" and its non-tri-state driver.
    Warning (13035): Inserted always-enabled tri-state buffer between "instruction[1]" and its non-tri-state driver.
    Warning (13035): Inserted always-enabled tri-state buffer between "instruction[2]" and its non-tri-state driver.
    Warning (13035): Inserted always-enabled tri-state buffer between "instruction[3]" and its non-tri-state driver.
    Warning (13035): Inserted always-enabled tri-state buffer between "instruction[5]" and its non-tri-state driver.
    Warning (13035): Inserted always-enabled tri-state buffer between "instruction[7]" and its non-tri-state driver.
    Warning (13035): Inserted always-enabled tri-state buffer between "instruction[8]" and its non-tri-state driver.
    Warning (13035): Inserted always-enabled tri-state buffer between "instruction[9]" and its non-tri-state driver.
    Warning (13035): Inserted always-enabled tri-state buffer between "instruction[10]" and its non-tri-state driver.
    Warning (13035): Inserted always-enabled tri-state buffer between "read_w" and its non-tri-state driver.
    Warning (13035): Inserted always-enabled tri-state buffer between "write_w" and its non-tri-state driver.
    Warning (13035): Inserted always-enabled tri-state buffer between "reg_write_en" and its non-tri-state driver.
    Warning (13035): Inserted always-enabled tri-state buffer between "reg_read_en" and its non-tri-state driver.
    Warning (13035): Inserted always-enabled tri-state buffer between "place_immediate" and its non-tri-state driver.
    Warning (13035): Inserted always-enabled tri-state buffer between "immediate[0]" and its non-tri-state driver.
    Warning (13035): Inserted always-enabled tri-state buffer between "immediate[1]" and its non-tri-state driver.
    Warning (13035): Inserted always-enabled tri-state buffer between "immediate[2]" and its non-tri-state driver.
    Warning (13035): Inserted always-enabled tri-state buffer between "immediate[3]" and its non-tri-state driver.
    Warning (13035): Inserted always-enabled tri-state buffer between "reg_addr[0]" and its non-tri-state driver.
    Warning (13035): Inserted always-enabled tri-state buffer between "reg_addr[1]" and its non-tri-state driver.
    Warning (13035): Inserted always-enabled tri-state buffer between "reg_addr[2]" and its non-tri-state driver.
    Warning (13035): Inserted always-enabled tri-state buffer between "reg_addr[3]" and its non-tri-state driver.
    Warning (13035): Inserted always-enabled tri-state buffer between "reg_addr[4]" and its non-tri-state driver.
    Warning (13035): Inserted always-enabled tri-state buffer between "reg_read_data[0]" and its non-tri-state driver.
    Warning (13035): Inserted always-enabled tri-state buffer between "reg_read_data[1]" and its non-tri-state driver.
    Warning (13035): Inserted always-enabled tri-state buffer between "reg_read_data[2]" and its non-tri-state driver.
    Warning (13035): Inserted always-enabled tri-state buffer between "reg_read_data[3]" and its non-tri-state driver.
    Warning (13035): Inserted always-enabled tri-state buffer between "reg_write_data[0]" and its non-tri-state driver.
    Warning (13035): Inserted always-enabled tri-state buffer between "reg_write_data[1]" and its non-tri-state driver.
    Warning (13035): Inserted always-enabled tri-state buffer between "reg_write_data[2]" and its non-tri-state driver.
    Warning (13035): Inserted always-enabled tri-state buffer between "reg_write_data[3]" and its non-tri-state driver.
    Warning (13035): Inserted always-enabled tri-state buffer between "ram_top[0]" and its non-tri-state driver.
    Warning (13035): Inserted always-enabled tri-state buffer between "ram_top[1]" and its non-tri-state driver.
    Warning (13035): Inserted always-enabled tri-state buffer between "ram_top[2]" and its non-tri-state driver.
    Warning (13035): Inserted always-enabled tri-state buffer between "ram_top[3]" and its non-tri-state driver.
    Warning (13035): Inserted always-enabled tri-state buffer between "w_reg_top[0]" and its non-tri-state driver.
    Warning (13035): Inserted always-enabled tri-state buffer between "w_reg_top[1]" and its non-tri-state driver.
    Warning (13035): Inserted always-enabled tri-state buffer between "w_reg_top[2]" and its non-tri-state driver.
    Warning (13035): Inserted always-enabled tri-state buffer between "w_reg_top[3]" and its non-tri-state driver.
    Warning (13035): Inserted always-enabled tri-state buffer between "is_add" and its non-tri-state driver.
    Warning (13035): Inserted always-enabled tri-state buffer between "is_ret" and its non-tri-state driver.
    Warning (13035): Inserted always-enabled tri-state buffer between "is_jump" and its non-tri-state driver.
    Warning (13035): Inserted always-enabled tri-state buffer between "jump_addr[0]" and its non-tri-state driver.
    Warning (13035): Inserted always-enabled tri-state buffer between "jump_addr[1]" and its non-tri-state driver.
    Warning (13035): Inserted always-enabled tri-state buffer between "jump_addr[2]" and its non-tri-state driver.
    Warning (13035): Inserted always-enabled tri-state buffer between "jump_addr[3]" and its non-tri-state driver.
    Warning (13035): Inserted always-enabled tri-state buffer between "jump_addr[4]" and its non-tri-state driver.
    Warning (13035): Inserted always-enabled tri-state buffer between "jump_addr[5]" and its non-tri-state driver.
    Warning (13035): Inserted always-enabled tri-state buffer between "jump_addr[6]" and its non-tri-state driver.
    Warning (13035): Inserted always-enabled tri-state buffer between "jump_addr[7]" and its non-tri-state driver.
    Warning (13035): Inserted always-enabled tri-state buffer between "jump_addr[8]" and its non-tri-state driver.
    Warning (13035): Inserted always-enabled tri-state buffer between "ret_addr[0]" and its non-tri-state driver.
    Warning (13035): Inserted always-enabled tri-state buffer between "ret_addr[1]" and its non-tri-state driver.
    Warning (13035): Inserted always-enabled tri-state buffer between "ret_addr[2]" and its non-tri-state driver.
    Warning (13035): Inserted always-enabled tri-state buffer between "ret_addr[3]" and its non-tri-state driver.
    Warning (13035): Inserted always-enabled tri-state buffer between "ret_addr[4]" and its non-tri-state driver.
    Warning (13035): Inserted always-enabled tri-state buffer between "ret_addr[5]" and its non-tri-state driver.
    Warning (13035): Inserted always-enabled tri-state buffer between "ret_addr[6]" and its non-tri-state driver.
    Warning (13035): Inserted always-enabled tri-state buffer between "ret_addr[7]" and its non-tri-state driver.
    Warning (13035): Inserted always-enabled tri-state buffer between "ret_addr[8]" and its non-tri-state driver.
    Warning (13035): Inserted always-enabled tri-state buffer between "stack_lvl_1[0]" and its non-tri-state driver.
    Warning (13035): Inserted always-enabled tri-state buffer between "stack_lvl_1[1]" and its non-tri-state driver.
    Warning (13035): Inserted always-enabled tri-state buffer between "stack_lvl_1[2]" and its non-tri-state driver.
    Warning (13035): Inserted always-enabled tri-state buffer between "stack_lvl_1[3]" and its non-tri-state driver.
    Warning (13035): Inserted always-enabled tri-state buffer between "stack_lvl_1[4]" and its non-tri-state driver.
    Warning (13035): Inserted always-enabled tri-state buffer between "stack_lvl_1[5]" and its non-tri-state driver.
    Warning (13035): Inserted always-enabled tri-state buffer between "stack_lvl_1[6]" and its non-tri-state driver.
    Warning (13035): Inserted always-enabled tri-state buffer between "stack_lvl_1[7]" and its non-tri-state driver.
    Warning (13035): Inserted always-enabled tri-state buffer between "stack_lvl_1[8]" and its non-tri-state driver.
    Warning (13035): Inserted always-enabled tri-state buffer between "stack_lvl_2[0]" and its non-tri-state driver.
    Warning (13035): Inserted always-enabled tri-state buffer between "stack_lvl_2[1]" and its non-tri-state driver.
    Warning (13035): Inserted always-enabled tri-state buffer between "stack_lvl_2[2]" and its non-tri-state driver.
    Warning (13035): Inserted always-enabled tri-state buffer between "stack_lvl_2[3]" and its non-tri-state driver.
    Warning (13035): Inserted always-enabled tri-state buffer between "stack_lvl_2[4]" and its non-tri-state driver.
    Warning (13035): Inserted always-enabled tri-state buffer between "stack_lvl_2[5]" and its non-tri-state driver.
    Warning (13035): Inserted always-enabled tri-state buffer between "stack_lvl_2[6]" and its non-tri-state driver.
    Warning (13035): Inserted always-enabled tri-state buffer between "stack_lvl_2[7]" and its non-tri-state driver.
    Warning (13035): Inserted always-enabled tri-state buffer between "stack_lvl_2[8]" and its non-tri-state driver.
    Warning (13035): Inserted always-enabled tri-state buffer between "idx_out[0]" and its non-tri-state driver.
    Warning (13035): Inserted always-enabled tri-state buffer between "bit_set" and its non-tri-state driver.
    Warning (13035): Inserted always-enabled tri-state buffer between "bit_clear" and its non-tri-state driver.
    Warning (13035): Inserted always-enabled tri-state buffer between "bit_pos[0]" and its non-tri-state driver.
    Warning (13035): Inserted always-enabled tri-state buffer between "bit_pos[1]" and its non-tri-state driver.
    Warning (13035): Inserted always-enabled tri-state buffer between "bit_test" and its non-tri-state driver.
    Warning (13035): Inserted always-enabled tri-state buffer between "bit_skip_clear" and its non-tri-state driver.
    Warning (13035): Inserted always-enabled tri-state buffer between "state[0]" and its non-tri-state driver.
    Warning (13035): Inserted always-enabled tri-state buffer between "state[1]" and its non-tri-state driver.
    Warning (13035): Inserted always-enabled tri-state buffer between "state[2]" and its non-tri-state driver.
Warning (13039): The following bidir pins have no drivers
    Warning (13040): Bidir "write_tmrl" has no driver
    Warning (13040): Bidir "write_tmrh" has no driver
    Warning (13040): Bidir "write_cpio" has no driver
Warning (13032): The following tri-state nodes are fed by constants
    Warning (13033): The pin "instruction[4]" is fed by GND
    Warning (13033): The pin "instruction[6]" is fed by GND
Info (13060): One or more bidirs are fed by always enabled tri-state buffers
    Info (13061): Fan-out of permanently enabled tri-state buffer feeding bidir "pc[0]" is moved to its source
    Info (13061): Fan-out of permanently enabled tri-state buffer feeding bidir "pc[1]" is moved to its source
    Info (13061): Fan-out of permanently enabled tri-state buffer feeding bidir "pc[2]" is moved to its source
    Info (13061): Fan-out of permanently enabled tri-state buffer feeding bidir "pc[3]" is moved to its source
    Info (13061): Fan-out of permanently enabled tri-state buffer feeding bidir "pc[4]" is moved to its source
    Info (13061): Fan-out of permanently enabled tri-state buffer feeding bidir "pc[5]" is moved to its source
    Info (13061): Fan-out of permanently enabled tri-state buffer feeding bidir "pc[6]" is moved to its source
    Info (13061): Fan-out of permanently enabled tri-state buffer feeding bidir "pc[7]" is moved to its source
    Info (13061): Fan-out of permanently enabled tri-state buffer feeding bidir "pc[8]" is moved to its source
    Info (13061): Fan-out of permanently enabled tri-state buffer feeding bidir "pc_skip" is moved to its source
    Info (13061): Fan-out of permanently enabled tri-state buffer feeding bidir "instruction[0]" is moved to its source
    Info (13061): Fan-out of permanently enabled tri-state buffer feeding bidir "instruction[1]" is moved to its source
    Info (13061): Fan-out of permanently enabled tri-state buffer feeding bidir "instruction[2]" is moved to its source
    Info (13061): Fan-out of permanently enabled tri-state buffer feeding bidir "instruction[3]" is moved to its source
    Info (13061): Fan-out of permanently enabled tri-state buffer feeding bidir "instruction[5]" is moved to its source
    Info (13061): Fan-out of permanently enabled tri-state buffer feeding bidir "instruction[7]" is moved to its source
    Info (13061): Fan-out of permanently enabled tri-state buffer feeding bidir "instruction[8]" is moved to its source
    Info (13061): Fan-out of permanently enabled tri-state buffer feeding bidir "instruction[9]" is moved to its source
    Info (13061): Fan-out of permanently enabled tri-state buffer feeding bidir "instruction[10]" is moved to its source
    Info (13061): Fan-out of permanently enabled tri-state buffer feeding bidir "read_w" is moved to its source
    Info (13061): Fan-out of permanently enabled tri-state buffer feeding bidir "write_w" is moved to its source
    Info (13061): Fan-out of permanently enabled tri-state buffer feeding bidir "reg_write_en" is moved to its source
    Info (13061): Fan-out of permanently enabled tri-state buffer feeding bidir "reg_read_en" is moved to its source
    Info (13061): Fan-out of permanently enabled tri-state buffer feeding bidir "place_immediate" is moved to its source
    Info (13061): Fan-out of permanently enabled tri-state buffer feeding bidir "immediate[0]" is moved to its source
    Info (13061): Fan-out of permanently enabled tri-state buffer feeding bidir "immediate[1]" is moved to its source
    Info (13061): Fan-out of permanently enabled tri-state buffer feeding bidir "immediate[2]" is moved to its source
    Info (13061): Fan-out of permanently enabled tri-state buffer feeding bidir "immediate[3]" is moved to its source
    Info (13061): Fan-out of permanently enabled tri-state buffer feeding bidir "reg_addr[0]" is moved to its source
    Info (13061): Fan-out of permanently enabled tri-state buffer feeding bidir "reg_addr[1]" is moved to its source
    Info (13061): Fan-out of permanently enabled tri-state buffer feeding bidir "reg_addr[2]" is moved to its source
    Info (13061): Fan-out of permanently enabled tri-state buffer feeding bidir "reg_addr[3]" is moved to its source
    Info (13061): Fan-out of permanently enabled tri-state buffer feeding bidir "reg_addr[4]" is moved to its source
    Info (13061): Fan-out of permanently enabled tri-state buffer feeding bidir "reg_read_data[0]" is moved to its source
    Info (13061): Fan-out of permanently enabled tri-state buffer feeding bidir "reg_read_data[1]" is moved to its source
    Info (13061): Fan-out of permanently enabled tri-state buffer feeding bidir "reg_read_data[2]" is moved to its source
    Info (13061): Fan-out of permanently enabled tri-state buffer feeding bidir "reg_read_data[3]" is moved to its source
    Info (13061): Fan-out of permanently enabled tri-state buffer feeding bidir "reg_write_data[0]" is moved to its source
    Info (13061): Fan-out of permanently enabled tri-state buffer feeding bidir "reg_write_data[1]" is moved to its source
    Info (13061): Fan-out of permanently enabled tri-state buffer feeding bidir "reg_write_data[2]" is moved to its source
    Info (13061): Fan-out of permanently enabled tri-state buffer feeding bidir "reg_write_data[3]" is moved to its source
    Info (13061): Fan-out of permanently enabled tri-state buffer feeding bidir "is_add" is moved to its source
    Info (13061): Fan-out of permanently enabled tri-state buffer feeding bidir "is_ret" is moved to its source
    Info (13061): Fan-out of permanently enabled tri-state buffer feeding bidir "is_jump" is moved to its source
    Info (13061): Fan-out of permanently enabled tri-state buffer feeding bidir "jump_addr[0]" is moved to its source
    Info (13061): Fan-out of permanently enabled tri-state buffer feeding bidir "jump_addr[1]" is moved to its source
    Info (13061): Fan-out of permanently enabled tri-state buffer feeding bidir "jump_addr[2]" is moved to its source
    Info (13061): Fan-out of permanently enabled tri-state buffer feeding bidir "jump_addr[3]" is moved to its source
    Info (13061): Fan-out of permanently enabled tri-state buffer feeding bidir "jump_addr[4]" is moved to its source
    Info (13061): Fan-out of permanently enabled tri-state buffer feeding bidir "jump_addr[5]" is moved to its source
    Info (13061): Fan-out of permanently enabled tri-state buffer feeding bidir "jump_addr[6]" is moved to its source
    Info (13061): Fan-out of permanently enabled tri-state buffer feeding bidir "jump_addr[7]" is moved to its source
    Info (13061): Fan-out of permanently enabled tri-state buffer feeding bidir "jump_addr[8]" is moved to its source
    Info (13061): Fan-out of permanently enabled tri-state buffer feeding bidir "ret_addr[0]" is moved to its source
    Info (13061): Fan-out of permanently enabled tri-state buffer feeding bidir "ret_addr[1]" is moved to its source
    Info (13061): Fan-out of permanently enabled tri-state buffer feeding bidir "ret_addr[2]" is moved to its source
    Info (13061): Fan-out of permanently enabled tri-state buffer feeding bidir "ret_addr[3]" is moved to its source
    Info (13061): Fan-out of permanently enabled tri-state buffer feeding bidir "ret_addr[4]" is moved to its source
    Info (13061): Fan-out of permanently enabled tri-state buffer feeding bidir "ret_addr[5]" is moved to its source
    Info (13061): Fan-out of permanently enabled tri-state buffer feeding bidir "ret_addr[6]" is moved to its source
    Info (13061): Fan-out of permanently enabled tri-state buffer feeding bidir "ret_addr[7]" is moved to its source
    Info (13061): Fan-out of permanently enabled tri-state buffer feeding bidir "ret_addr[8]" is moved to its source
    Info (13061): Fan-out of permanently enabled tri-state buffer feeding bidir "bit_set" is moved to its source
    Info (13061): Fan-out of permanently enabled tri-state buffer feeding bidir "bit_clear" is moved to its source
    Info (13061): Fan-out of permanently enabled tri-state buffer feeding bidir "bit_pos[0]" is moved to its source
    Info (13061): Fan-out of permanently enabled tri-state buffer feeding bidir "bit_pos[1]" is moved to its source
    Info (13061): Fan-out of permanently enabled tri-state buffer feeding bidir "bit_test" is moved to its source
    Info (13061): Fan-out of permanently enabled tri-state buffer feeding bidir "bit_skip_clear" is moved to its source
    Info (13061): Fan-out of permanently enabled tri-state buffer feeding bidir "state[0]" is moved to its source
    Info (13061): Fan-out of permanently enabled tri-state buffer feeding bidir "state[1]" is moved to its source
    Info (13061): Fan-out of permanently enabled tri-state buffer feeding bidir "state[2]" is moved to its source
Info (13036): One or more bidirs are fed by always-enabled (GND-fed) open-drain buffers
    Info (13037): Fan-out of permanently enabled (GND-fed) open-drain buffer feeding bidir "instruction[4]" is set to GND
    Info (13037): Fan-out of permanently enabled (GND-fed) open-drain buffer feeding bidir "instruction[6]" is set to GND
Warning (13009): TRI or OPNDRN buffers permanently enabled
    Warning (13010): Node "pc[0]~synth"
    Warning (13010): Node "pc[1]~synth"
    Warning (13010): Node "pc[2]~synth"
    Warning (13010): Node "pc[3]~synth"
    Warning (13010): Node "pc[4]~synth"
    Warning (13010): Node "pc[5]~synth"
    Warning (13010): Node "pc[6]~synth"
    Warning (13010): Node "pc[7]~synth"
    Warning (13010): Node "pc[8]~synth"
    Warning (13010): Node "pc_skip~synth"
    Warning (13010): Node "instruction[0]~synth"
    Warning (13010): Node "instruction[1]~synth"
    Warning (13010): Node "instruction[2]~synth"
    Warning (13010): Node "instruction[3]~synth"
    Warning (13010): Node "instruction[5]~synth"
    Warning (13010): Node "instruction[7]~synth"
    Warning (13010): Node "instruction[8]~synth"
    Warning (13010): Node "instruction[9]~synth"
    Warning (13010): Node "instruction[10]~synth"
    Warning (13010): Node "write_w~synth"
    Warning (13010): Node "reg_write_en~synth"
    Warning (13010): Node "reg_read_en~synth"
    Warning (13010): Node "place_immediate~synth"
    Warning (13010): Node "immediate[0]~synth"
    Warning (13010): Node "immediate[1]~synth"
    Warning (13010): Node "immediate[2]~synth"
    Warning (13010): Node "immediate[3]~synth"
    Warning (13010): Node "reg_addr[0]~synth"
    Warning (13010): Node "reg_addr[1]~synth"
    Warning (13010): Node "reg_addr[2]~synth"
    Warning (13010): Node "reg_addr[3]~synth"
    Warning (13010): Node "reg_read_data[0]~synth"
    Warning (13010): Node "reg_read_data[1]~synth"
    Warning (13010): Node "reg_read_data[2]~synth"
    Warning (13010): Node "reg_read_data[3]~synth"
    Warning (13010): Node "ram_top[0]~synth"
    Warning (13010): Node "ram_top[1]~synth"
    Warning (13010): Node "ram_top[2]~synth"
    Warning (13010): Node "ram_top[3]~synth"
    Warning (13010): Node "w_reg_top[0]~synth"
    Warning (13010): Node "w_reg_top[1]~synth"
    Warning (13010): Node "w_reg_top[2]~synth"
    Warning (13010): Node "w_reg_top[3]~synth"
    Warning (13010): Node "is_ret~synth"
    Warning (13010): Node "is_jump~synth"
    Warning (13010): Node "jump_addr[0]~synth"
    Warning (13010): Node "jump_addr[1]~synth"
    Warning (13010): Node "jump_addr[2]~synth"
    Warning (13010): Node "jump_addr[3]~synth"
    Warning (13010): Node "jump_addr[4]~synth"
    Warning (13010): Node "jump_addr[5]~synth"
    Warning (13010): Node "jump_addr[6]~synth"
    Warning (13010): Node "jump_addr[7]~synth"
    Warning (13010): Node "jump_addr[8]~synth"
    Warning (13010): Node "ret_addr[0]~synth"
    Warning (13010): Node "ret_addr[1]~synth"
    Warning (13010): Node "ret_addr[2]~synth"
    Warning (13010): Node "ret_addr[3]~synth"
    Warning (13010): Node "ret_addr[4]~synth"
    Warning (13010): Node "ret_addr[5]~synth"
    Warning (13010): Node "ret_addr[6]~synth"
    Warning (13010): Node "ret_addr[7]~synth"
    Warning (13010): Node "ret_addr[8]~synth"
    Warning (13010): Node "stack_lvl_1[0]~synth"
    Warning (13010): Node "stack_lvl_1[1]~synth"
    Warning (13010): Node "stack_lvl_1[2]~synth"
    Warning (13010): Node "stack_lvl_1[3]~synth"
    Warning (13010): Node "stack_lvl_1[4]~synth"
    Warning (13010): Node "stack_lvl_1[5]~synth"
    Warning (13010): Node "stack_lvl_1[6]~synth"
    Warning (13010): Node "stack_lvl_1[7]~synth"
    Warning (13010): Node "stack_lvl_1[8]~synth"
    Warning (13010): Node "stack_lvl_2[0]~synth"
    Warning (13010): Node "stack_lvl_2[1]~synth"
    Warning (13010): Node "stack_lvl_2[2]~synth"
    Warning (13010): Node "stack_lvl_2[3]~synth"
    Warning (13010): Node "stack_lvl_2[4]~synth"
    Warning (13010): Node "stack_lvl_2[5]~synth"
    Warning (13010): Node "stack_lvl_2[6]~synth"
    Warning (13010): Node "stack_lvl_2[7]~synth"
    Warning (13010): Node "stack_lvl_2[8]~synth"
    Warning (13010): Node "idx_out[0]~synth"
    Warning (13010): Node "bit_set~synth"
    Warning (13010): Node "bit_clear~synth"
    Warning (13010): Node "bit_pos[0]~synth"
    Warning (13010): Node "bit_test~synth"
    Warning (13010): Node "bit_skip_clear~synth"
    Warning (13010): Node "state[0]~synth"
    Warning (13010): Node "state[1]~synth"
    Warning (13010): Node "state[2]~synth"
Info (17049): 72 registers lost all their fanouts during netlist optimizations.
Info (16010): Generating hard_block partition "hard_block:auto_generated_inst"
    Info (16011): Adding 0 node(s), including 0 DDIO, 0 PLL, 0 transceiver and 0 LCELL
Info (21057): Implemented 182 device resources after synthesis - the final resource count might be different
    Info (21058): Implemented 1 input pins
    Info (21059): Implemented 0 output pins
    Info (21060): Implemented 103 bidirectional pins
    Info (21061): Implemented 78 logic cells
Info: Quartus II 64-Bit Analysis & Synthesis was successful. 0 errors, 198 warnings
    Info: Peak virtual memory: 571 megabytes
    Info: Processing ended: Sat May 12 15:37:58 2018
    Info: Elapsed time: 00:00:02
    Info: Total CPU time (on all processors): 00:00:01


